error: models must have a primary key field annotated with the `#[model(primary_key)]` attribute
 --> tests/ui/attr_model_no_pk.rs:4:8
  |
4 | struct MyModel {
  |        ^^^^^^^
