---
source: cot-cli/tests/snapshot_testing/help/mod.rs
info:
  program: cot
  args:
    - help
    - migration
---
success: true
exit_code: 0
----- stdout -----
Manage migrations for a Cot project

Usage: cot migration [OPTIONS] <COMMAND>

Commands:
  list  List all migrations for a Cot project
  make  Generate migrations for a Cot project
  help  Print this message or the help of the given subcommand(s)

Options:
  -v, --verbose...  Increase logging verbosity
  -q, --quiet...    Decrease logging verbosity
  -h, --help        Print help

----- stderr -----
