---
source: cot-cli/tests/snapshot_testing/help/mod.rs
info:
  program: cot
  args:
    - "-h"
---
success: true
exit_code: 0
----- stdout -----
The Rust web framework for lazy developers - CLI tool.

Usage: cot [OPTIONS] <COMMAND>

Commands:
  new        Create a new Cot project
  migration  Manage migrations for a Cot project
  cli        Manage Cot CLI
  help       Print this message or the help of the given subcommand(s)

Options:
  -v, --verbose...  Increase logging verbosity
  -q, --quiet...    Decrease logging verbosity
  -h, --help        Print help
  -V, --version     Print version

----- stderr -----
