---
source: cot-cli/tests/snapshot_testing/migration/mod.rs
description: "Verbosity level: off"
info:
  program: cot
  args:
    - migration
    - list
    - "-q"
---
success: true
exit_code: 0
----- stdout -----
cot-test	m_0001_initial

----- stderr -----
