---
source: cot-cli/tests/snapshot_testing/migration/mod.rs
description: "Verbosity level: debug"
info:
  program: cot
  args:
    - migration
    - list
    - "-vvvv"
---
success: true
exit_code: 0
----- stdout -----

----- stderr -----
