---
source: cot-cli/tests/snapshot_testing/migration/mod.rs
description: "Verbosity level: error"
info:
  program: cot
  args:
    - migration
    - list
    - "-v"
---
success: true
exit_code: 0
----- stdout -----
cot-test-PROJECT-NAME	m_0001_initial

----- stderr -----
