---
source: cot-cli/tests/snapshot_testing/cli/mod.rs
info:
  program: cot
  args:
    - cli
    - completions
---
success: false
exit_code: 2
----- stdout -----

----- stderr -----
error: the following required arguments were not provided:
  <SHELL>

Usage: cot cli completions <SHELL>

For more information, try '--help'.
